------------------------------------------------------------
Timing Analyzer Summary
------------------------------------------------------------

Type  : Slow 1100mV 85C Model Setup 'counter:c|count[25]'
Slack : -7.310
TNS   : -467.280

Type  : Slow 1100mV 85C Model Setup 'fastclk'
Slack : -3.895
TNS   : -34.243

Type  : Slow 1100mV 85C Model Hold 'fastclk'
Slack : 0.380
TNS   : 0.000

Type  : Slow 1100mV 85C Model Hold 'counter:c|count[25]'
Slack : 0.922
TNS   : 0.000

Type  : Slow 1100mV 85C Model Minimum Pulse Width 'fastclk'
Slack : -0.461
TNS   : -13.888

Type  : Slow 1100mV 85C Model Minimum Pulse Width 'counter:c|count[25]'
Slack : -0.394
TNS   : -50.866

Type  : Slow 1100mV 0C Model Setup 'counter:c|count[25]'
Slack : -7.277
TNS   : -465.343

Type  : Slow 1100mV 0C Model Setup 'fastclk'
Slack : -3.799
TNS   : -35.572

Type  : Slow 1100mV 0C Model Hold 'fastclk'
Slack : 0.379
TNS   : 0.000

Type  : Slow 1100mV 0C Model Hold 'counter:c|count[25]'
Slack : 0.887
TNS   : 0.000

Type  : Slow 1100mV 0C Model Minimum Pulse Width 'fastclk'
Slack : -0.467
TNS   : -14.715

Type  : Slow 1100mV 0C Model Minimum Pulse Width 'counter:c|count[25]'
Slack : -0.394
TNS   : -49.979

Type  : Fast 1100mV 85C Model Setup 'counter:c|count[25]'
Slack : -3.941
TNS   : -247.385

Type  : Fast 1100mV 85C Model Setup 'fastclk'
Slack : -3.033
TNS   : -11.746

Type  : Fast 1100mV 85C Model Hold 'fastclk'
Slack : 0.187
TNS   : 0.000

Type  : Fast 1100mV 85C Model Hold 'counter:c|count[25]'
Slack : 0.450
TNS   : 0.000

Type  : Fast 1100mV 85C Model Minimum Pulse Width 'fastclk'
Slack : -0.464
TNS   : -2.782

Type  : Fast 1100mV 85C Model Minimum Pulse Width 'counter:c|count[25]'
Slack : -0.093
TNS   : -2.804

Type  : Fast 1100mV 0C Model Setup 'counter:c|count[25]'
Slack : -3.592
TNS   : -225.692

Type  : Fast 1100mV 0C Model Setup 'fastclk'
Slack : -2.533
TNS   : -10.004

Type  : Fast 1100mV 0C Model Hold 'fastclk'
Slack : 0.178
TNS   : 0.000

Type  : Fast 1100mV 0C Model Hold 'counter:c|count[25]'
Slack : 0.408
TNS   : 0.000

Type  : Fast 1100mV 0C Model Minimum Pulse Width 'fastclk'
Slack : -0.450
TNS   : -2.756

Type  : Fast 1100mV 0C Model Minimum Pulse Width 'counter:c|count[25]'
Slack : -0.034
TNS   : -0.377

------------------------------------------------------------
