Analysis & Synthesis report for NISC
Tue Apr 22 11:52:08 2025
Quartus Prime Version 22.1std.2 Build 922 07/20/2023 SC Standard Edition


---------------------
; Table of Contents ;
---------------------
  1. Legal Notice
  2. Analysis & Synthesis Summary
  3. Analysis & Synthesis Settings
  4. Parallel Compilation
  5. Analysis & Synthesis Source Files Read
  6. Analysis & Synthesis Resource Usage Summary
  7. Analysis & Synthesis Resource Utilization by Entity
  8. Analysis & Synthesis DSP Block Usage Summary
  9. Registers Removed During Synthesis
 10. General Register Statistics
 11. Multiplexer Restructuring Statistics (Restructuring Performed)
 12. Parameter Settings for User Entity Instance: Top-level Entity: |NISC
 13. Parameter Settings for User Entity Instance: pc:progCounter
 14. Parameter Settings for User Entity Instance: prog:progMemory
 15. Parameter Settings for User Entity Instance: regs:gpr
 16. Parameter Settings for User Entity Instance: alu:iu
 17. Parameter Settings for User Entity Instance: sample_wave:wave
 18. Post-Synthesis Netlist Statistics for Top Partition
 19. Elapsed Time Per Partition
 20. Analysis & Synthesis Messages



----------------
; Legal Notice ;
----------------
Copyright (C) 2023  Intel Corporation. All rights reserved.
Your use of Intel Corporation's design tools, logic functions 
and other software and tools, and any partner logic 
functions, and any output files from any of the foregoing 
(including device programming or simulation files), and any 
associated documentation or information are expressly subject 
to the terms and conditions of the Intel Program License 
Subscription Agreement, the Intel Quartus Prime License Agreement,
the Intel FPGA IP License Agreement, or other applicable license
agreement, including, without limitation, that your use is for
the sole purpose of programming logic devices manufactured by
Intel and sold by Intel or its authorized distributors.  Please
refer to the applicable agreement for further details, at
https://fpgasoftware.intel.com/eula.



+--------------------------------------------------------------------------------------+
; Analysis & Synthesis Summary                                                         ;
+---------------------------------+----------------------------------------------------+
; Analysis & Synthesis Status     ; Successful - Tue Apr 22 11:52:08 2025              ;
; Quartus Prime Version           ; 22.1std.2 Build 922 07/20/2023 SC Standard Edition ;
; Revision Name                   ; NISC                                               ;
; Top-level Entity Name           ; NISC                                               ;
; Family                          ; Cyclone V                                          ;
; Logic utilization (in ALMs)     ; N/A                                                ;
; Total registers                 ; 61                                                 ;
; Total pins                      ; 19                                                 ;
; Total virtual pins              ; 0                                                  ;
; Total block memory bits         ; 0                                                  ;
; Total DSP Blocks                ; 1                                                  ;
; Total HSSI RX PCSs              ; 0                                                  ;
; Total HSSI PMA RX Deserializers ; 0                                                  ;
; Total HSSI TX PCSs              ; 0                                                  ;
; Total HSSI PMA TX Serializers   ; 0                                                  ;
; Total PLLs                      ; 0                                                  ;
; Total DLLs                      ; 0                                                  ;
+---------------------------------+----------------------------------------------------+


+---------------------------------------------------------------------------------------------------------------------------+
; Analysis & Synthesis Settings                                                                                             ;
+---------------------------------------------------------------------------------+--------------------+--------------------+
; Option                                                                          ; Setting            ; Default Value      ;
+---------------------------------------------------------------------------------+--------------------+--------------------+
; Device                                                                          ; 5CSEMA5F31C6       ;                    ;
; Top-level entity name                                                           ; NISC               ; NISC               ;
; Family name                                                                     ; Cyclone V          ; Cyclone V          ;
; Use smart compilation                                                           ; Off                ; Off                ;
; Enable parallel Assembler and Timing Analyzer during compilation                ; On                 ; On                 ;
; Enable compact report table                                                     ; Off                ; Off                ;
; Restructure Multiplexers                                                        ; Auto               ; Auto               ;
; MLAB Add Timing Constraints For Mixed-Port Feed-Through Mode Setting Don't Care ; Off                ; Off                ;
; Create Debugging Nodes for IP Cores                                             ; Off                ; Off                ;
; Preserve fewer node names                                                       ; On                 ; On                 ;
; Intel FPGA IP Evaluation Mode                                                   ; Enable             ; Enable             ;
; Verilog Version                                                                 ; Verilog_2001       ; Verilog_2001       ;
; VHDL Version                                                                    ; VHDL_1993          ; VHDL_1993          ;
; State Machine Processing                                                        ; Auto               ; Auto               ;
; Safe State Machine                                                              ; Off                ; Off                ;
; Extract Verilog State Machines                                                  ; On                 ; On                 ;
; Extract VHDL State Machines                                                     ; On                 ; On                 ;
; Ignore Verilog initial constructs                                               ; Off                ; Off                ;
; Iteration limit for constant Verilog loops                                      ; 5000               ; 5000               ;
; Iteration limit for non-constant Verilog loops                                  ; 250                ; 250                ;
; Add Pass-Through Logic to Inferred RAMs                                         ; On                 ; On                 ;
; Infer RAMs from Raw Logic                                                       ; On                 ; On                 ;
; Parallel Synthesis                                                              ; On                 ; On                 ;
; DSP Block Balancing                                                             ; Auto               ; Auto               ;
; NOT Gate Push-Back                                                              ; On                 ; On                 ;
; Power-Up Don't Care                                                             ; On                 ; On                 ;
; Remove Redundant Logic Cells                                                    ; Off                ; Off                ;
; Remove Duplicate Registers                                                      ; On                 ; On                 ;
; Ignore CARRY Buffers                                                            ; Off                ; Off                ;
; Ignore CASCADE Buffers                                                          ; Off                ; Off                ;
; Ignore GLOBAL Buffers                                                           ; Off                ; Off                ;
; Ignore ROW GLOBAL Buffers                                                       ; Off                ; Off                ;
; Ignore LCELL Buffers                                                            ; Off                ; Off                ;
; Ignore SOFT Buffers                                                             ; On                 ; On                 ;
; Limit AHDL Integers to 32 Bits                                                  ; Off                ; Off                ;
; Optimization Technique                                                          ; Balanced           ; Balanced           ;
; Carry Chain Length                                                              ; 70                 ; 70                 ;
; Auto Carry Chains                                                               ; On                 ; On                 ;
; Auto Open-Drain Pins                                                            ; On                 ; On                 ;
; Perform WYSIWYG Primitive Resynthesis                                           ; Off                ; Off                ;
; Auto ROM Replacement                                                            ; On                 ; On                 ;
; Auto RAM Replacement                                                            ; On                 ; On                 ;
; Auto DSP Block Replacement                                                      ; On                 ; On                 ;
; Auto Shift Register Replacement                                                 ; Auto               ; Auto               ;
; Allow Shift Register Merging across Hierarchies                                 ; Auto               ; Auto               ;
; Auto Clock Enable Replacement                                                   ; On                 ; On                 ;
; Strict RAM Replacement                                                          ; Off                ; Off                ;
; Allow Synchronous Control Signals                                               ; On                 ; On                 ;
; Force Use of Synchronous Clear Signals                                          ; Off                ; Off                ;
; Auto Resource Sharing                                                           ; Off                ; Off                ;
; Allow Any RAM Size For Recognition                                              ; Off                ; Off                ;
; Allow Any ROM Size For Recognition                                              ; Off                ; Off                ;
; Allow Any Shift Register Size For Recognition                                   ; Off                ; Off                ;
; Use LogicLock Constraints during Resource Balancing                             ; On                 ; On                 ;
; Ignore translate_off and synthesis_off directives                               ; Off                ; Off                ;
; Timing-Driven Synthesis                                                         ; On                 ; On                 ;
; Report Parameter Settings                                                       ; On                 ; On                 ;
; Report Source Assignments                                                       ; On                 ; On                 ;
; Report Connectivity Checks                                                      ; On                 ; On                 ;
; Ignore Maximum Fan-Out Assignments                                              ; Off                ; Off                ;
; Synchronization Register Chain Length                                           ; 3                  ; 3                  ;
; Power Optimization During Synthesis                                             ; Normal compilation ; Normal compilation ;
; HDL message level                                                               ; Level2             ; Level2             ;
; Suppress Register Optimization Related Messages                                 ; Off                ; Off                ;
; Number of Removed Registers Reported in Synthesis Report                        ; 5000               ; 5000               ;
; Number of Swept Nodes Reported in Synthesis Report                              ; 5000               ; 5000               ;
; Number of Inverted Registers Reported in Synthesis Report                       ; 100                ; 100                ;
; Clock MUX Protection                                                            ; On                 ; On                 ;
; Auto Gated Clock Conversion                                                     ; Off                ; Off                ;
; Block Design Naming                                                             ; Auto               ; Auto               ;
; SDC constraint protection                                                       ; Off                ; Off                ;
; Synthesis Effort                                                                ; Auto               ; Auto               ;
; Shift Register Replacement - Allow Asynchronous Clear Signal                    ; On                 ; On                 ;
; Pre-Mapping Resynthesis Optimization                                            ; Off                ; Off                ;
; Analysis & Synthesis Message Level                                              ; Medium             ; Medium             ;
; Disable Register Merging Across Hierarchies                                     ; Auto               ; Auto               ;
; Resource Aware Inference For Block RAM                                          ; On                 ; On                 ;
; Automatic Parallel Synthesis                                                    ; On                 ; On                 ;
; Partial Reconfiguration Bitstream ID                                            ; Off                ; Off                ;
+---------------------------------------------------------------------------------+--------------------+--------------------+


+------------------------------------------+
; Parallel Compilation                     ;
+----------------------------+-------------+
; Processors                 ; Number      ;
+----------------------------+-------------+
; Number detected on machine ; 24          ;
; Maximum allowed            ; 16          ;
;                            ;             ;
; Average used               ; 1.00        ;
; Maximum used               ; 16          ;
;                            ;             ;
; Usage by Processor         ; % Time Used ;
;     Processor 1            ; 100.0%      ;
;     Processors 2-16        ;   0.0%      ;
+----------------------------+-------------+


+--------------------------------------------------------------------------------------------------------------------------------------------------------------------------+
; Analysis & Synthesis Source Files Read                                                                                                                                   ;
+----------------------------------+-----------------+---------------------------------------+-------------------------------------------------------------------+---------+
; File Name with User-Entered Path ; Used in Netlist ; File Type                             ; File Name with Absolute Path                                      ; Library ;
+----------------------------------+-----------------+---------------------------------------+-------------------------------------------------------------------+---------+
; ../nisc_quartus/wave.hex         ; yes             ; User Hexadecimal (Intel-Format) File  ; C:/Users/hwxt1c20/Downloads/gaussian/nisc_quartus/wave.hex        ;         ;
; ../nisc_quartus/prog_main.hex    ; yes             ; User Hexadecimal (Intel-Format) File  ; C:/Users/hwxt1c20/Downloads/gaussian/nisc_quartus/prog_main.hex   ;         ;
; ../nisc_quartus/sample_wave.sv   ; yes             ; User SystemVerilog HDL File           ; C:/Users/hwxt1c20/Downloads/gaussian/nisc_quartus/sample_wave.sv  ;         ;
; ../nisc_quartus/prog.sv          ; yes             ; User SystemVerilog HDL File           ; C:/Users/hwxt1c20/Downloads/gaussian/nisc_quartus/prog.sv         ;         ;
; ../nisc_quartus/alucodes.sv      ; yes             ; User SystemVerilog HDL File           ; C:/Users/hwxt1c20/Downloads/gaussian/nisc_quartus/alucodes.sv     ;         ;
; ../nisc_quartus/alu.sv           ; yes             ; User SystemVerilog HDL File           ; C:/Users/hwxt1c20/Downloads/gaussian/nisc_quartus/alu.sv          ;         ;
; ../nisc_quartus/branch.sv        ; yes             ; User SystemVerilog HDL File           ; C:/Users/hwxt1c20/Downloads/gaussian/nisc_quartus/branch.sv       ;         ;
; ../nisc_quartus/control_unit.sv  ; yes             ; User SystemVerilog HDL File           ; C:/Users/hwxt1c20/Downloads/gaussian/nisc_quartus/control_unit.sv ;         ;
; ../nisc_quartus/regs.sv          ; yes             ; User SystemVerilog HDL File           ; C:/Users/hwxt1c20/Downloads/gaussian/nisc_quartus/regs.sv         ;         ;
; ../nisc_quartus/NISC.sv          ; yes             ; User SystemVerilog HDL File           ; C:/Users/hwxt1c20/Downloads/gaussian/nisc_quartus/NISC.sv         ;         ;
; ../nisc_quartus/pc.sv            ; yes             ; User SystemVerilog HDL File           ; C:/Users/hwxt1c20/Downloads/gaussian/nisc_quartus/pc.sv           ;         ;
+----------------------------------+-----------------+---------------------------------------+-------------------------------------------------------------------+---------+


+---------------------------------------------------------+
; Analysis & Synthesis Resource Usage Summary             ;
+---------------------------------------------+-----------+
; Resource                                    ; Usage     ;
+---------------------------------------------+-----------+
; Estimate of Logic utilization (ALMs needed) ; 119       ;
;                                             ;           ;
; Combinational ALUT usage for logic          ; 160       ;
;     -- 7 input functions                    ; 0         ;
;     -- 6 input functions                    ; 64        ;
;     -- 5 input functions                    ; 77        ;
;     -- 4 input functions                    ; 7         ;
;     -- <=3 input functions                  ; 12        ;
;                                             ;           ;
; Dedicated logic registers                   ; 61        ;
;                                             ;           ;
; I/O pins                                    ; 19        ;
;                                             ;           ;
; Total DSP Blocks                            ; 1         ;
;                                             ;           ;
; Maximum fan-out node                        ; clk~input ;
; Maximum fan-out                             ; 61        ;
; Total fan-out                               ; 1058      ;
; Average fan-out                             ; 4.07      ;
+---------------------------------------------+-----------+


+-------------------------------------------------------------------------------------------------------------------------------------------------------------------------------------------+
; Analysis & Synthesis Resource Utilization by Entity                                                                                                                                       ;
+----------------------------+---------------------+---------------------------+-------------------+------------+------+--------------+------------------------+-------------+--------------+
; Compilation Hierarchy Node ; Combinational ALUTs ; Dedicated Logic Registers ; Block Memory Bits ; DSP Blocks ; Pins ; Virtual Pins ; Full Hierarchy Name    ; Entity Name ; Library Name ;
+----------------------------+---------------------+---------------------------+-------------------+------------+------+--------------+------------------------+-------------+--------------+
; |NISC                      ; 160 (39)            ; 61 (0)                    ; 0                 ; 1          ; 19   ; 0            ; |NISC                  ; NISC        ; work         ;
;    |alu:iu|                ; 8 (8)               ; 0 (0)                     ; 0                 ; 1          ; 0    ; 0            ; |NISC|alu:iu           ; alu         ; work         ;
;    |branch:b|              ; 2 (2)               ; 0 (0)                     ; 0                 ; 0          ; 0    ; 0            ; |NISC|branch:b         ; branch      ; work         ;
;    |pc:progCounter|        ; 7 (7)               ; 5 (5)                     ; 0                 ; 0          ; 0    ; 0            ; |NISC|pc:progCounter   ; pc          ; work         ;
;    |prog:progMemory|       ; 15 (15)             ; 0 (0)                     ; 0                 ; 0          ; 0    ; 0            ; |NISC|prog:progMemory  ; prog        ; work         ;
;    |regs:gpr|              ; 52 (52)             ; 56 (56)                   ; 0                 ; 0          ; 0    ; 0            ; |NISC|regs:gpr         ; regs        ; work         ;
;    |sample_wave:wave|      ; 37 (37)             ; 0 (0)                     ; 0                 ; 0          ; 0    ; 0            ; |NISC|sample_wave:wave ; sample_wave ; work         ;
+----------------------------+---------------------+---------------------------+-------------------+------------+------+--------------+------------------------+-------------+--------------+
Note: For table entries with two numbers listed, the numbers in parentheses indicate the number of resources of the given type used by the specific entity alone. The numbers listed outside of parentheses indicate the total resources of the given type used by the specific entity and all of its sub-entities in the hierarchy.


+----------------------------------------------+
; Analysis & Synthesis DSP Block Usage Summary ;
+-------------------------------+--------------+
; Statistic                     ; Number Used  ;
+-------------------------------+--------------+
; Independent 9x9               ; 1            ;
; Total number of DSP blocks    ; 1            ;
;                               ;              ;
; Fixed Point Signed Multiplier ; 1            ;
+-------------------------------+--------------+


+-------------------------------------------------------------------------------------+
; Registers Removed During Synthesis                                                  ;
+---------------------------------------+---------------------------------------------+
; Register name                         ; Reason for Removal                          ;
+---------------------------------------+---------------------------------------------+
; regs:gpr|gpr[7][0]                    ; Stuck at GND due to stuck port clock_enable ;
; regs:gpr|gpr[7][1]                    ; Stuck at GND due to stuck port clock_enable ;
; regs:gpr|gpr[7][2]                    ; Stuck at GND due to stuck port clock_enable ;
; regs:gpr|gpr[7][3]                    ; Stuck at GND due to stuck port clock_enable ;
; regs:gpr|gpr[7][4]                    ; Stuck at GND due to stuck port clock_enable ;
; regs:gpr|gpr[7][5]                    ; Stuck at GND due to stuck port clock_enable ;
; regs:gpr|gpr[7][6]                    ; Stuck at GND due to stuck port clock_enable ;
; regs:gpr|gpr[7][7]                    ; Stuck at GND due to stuck port clock_enable ;
; Total Number of Removed Registers = 8 ;                                             ;
+---------------------------------------+---------------------------------------------+


+------------------------------------------------------+
; General Register Statistics                          ;
+----------------------------------------------+-------+
; Statistic                                    ; Value ;
+----------------------------------------------+-------+
; Total registers                              ; 61    ;
; Number of registers using Synchronous Clear  ; 0     ;
; Number of registers using Synchronous Load   ; 5     ;
; Number of registers using Asynchronous Clear ; 5     ;
; Number of registers using Asynchronous Load  ; 0     ;
; Number of registers using Clock Enable       ; 48    ;
; Number of registers using Preset             ; 0     ;
+----------------------------------------------+-------+


+-----------------------------------------------------------------------------------------------------------------------------------------------+
; Multiplexer Restructuring Statistics (Restructuring Performed)                                                                                ;
+--------------------+-----------+---------------+----------------------+------------------------+------------+---------------------------------+
; Multiplexer Inputs ; Bus Width ; Baseline Area ; Area if Restructured ; Saving if Restructured ; Registered ; Example Multiplexer Output      ;
+--------------------+-----------+---------------+----------------------+------------------------+------------+---------------------------------+
; 3:1                ; 4 bits    ; 8 LEs         ; 8 LEs                ; 0 LEs                  ; No         ; |NISC|pc:progCounter|Rbranch[3] ;
; 3:1                ; 8 bits    ; 16 LEs        ; 16 LEs               ; 0 LEs                  ; No         ; |NISC|regs:gpr|gpr              ;
; 9:1                ; 8 bits    ; 48 LEs        ; 48 LEs               ; 0 LEs                  ; No         ; |NISC|regs:gpr|rs_data[1]       ;
; 10:1               ; 8 bits    ; 48 LEs        ; 48 LEs               ; 0 LEs                  ; No         ; |NISC|Alub[4]                   ;
+--------------------+-----------+---------------+----------------------+------------------------+------------+---------------------------------+


+----------------------------------------------------------------------+
; Parameter Settings for User Entity Instance: Top-level Entity: |NISC ;
+----------------+-------+---------------------------------------------+
; Parameter Name ; Value ; Type                                        ;
+----------------+-------+---------------------------------------------+
; n              ; 8     ; Signed Integer                              ;
+----------------+-------+---------------------------------------------+
Note: In order to hide this table in the UI and the text report file, please set the "Show Parameter Settings in Synthesis Report" option in "Analysis and Synthesis Settings -> More Settings" to "Off".


+-------------------------------------------------------------+
; Parameter Settings for User Entity Instance: pc:progCounter ;
+----------------+-------+------------------------------------+
; Parameter Name ; Value ; Type                               ;
+----------------+-------+------------------------------------+
; Psize          ; 5     ; Signed Integer                     ;
+----------------+-------+------------------------------------+
Note: In order to hide this table in the UI and the text report file, please set the "Show Parameter Settings in Synthesis Report" option in "Analysis and Synthesis Settings -> More Settings" to "Off".


+--------------------------------------------------------------+
; Parameter Settings for User Entity Instance: prog:progMemory ;
+----------------+-------+-------------------------------------+
; Parameter Name ; Value ; Type                                ;
+----------------+-------+-------------------------------------+
; Psize          ; 5     ; Signed Integer                      ;
; Isize          ; 20    ; Signed Integer                      ;
+----------------+-------+-------------------------------------+
Note: In order to hide this table in the UI and the text report file, please set the "Show Parameter Settings in Synthesis Report" option in "Analysis and Synthesis Settings -> More Settings" to "Off".


+-------------------------------------------------------+
; Parameter Settings for User Entity Instance: regs:gpr ;
+----------------+-------+------------------------------+
; Parameter Name ; Value ; Type                         ;
+----------------+-------+------------------------------+
; n              ; 8     ; Signed Integer               ;
+----------------+-------+------------------------------+
Note: In order to hide this table in the UI and the text report file, please set the "Show Parameter Settings in Synthesis Report" option in "Analysis and Synthesis Settings -> More Settings" to "Off".


+-----------------------------------------------------+
; Parameter Settings for User Entity Instance: alu:iu ;
+----------------+-------+----------------------------+
; Parameter Name ; Value ; Type                       ;
+----------------+-------+----------------------------+
; n              ; 8     ; Signed Integer             ;
+----------------+-------+----------------------------+
Note: In order to hide this table in the UI and the text report file, please set the "Show Parameter Settings in Synthesis Report" option in "Analysis and Synthesis Settings -> More Settings" to "Off".


+---------------------------------------------------------------+
; Parameter Settings for User Entity Instance: sample_wave:wave ;
+----------------+-------+--------------------------------------+
; Parameter Name ; Value ; Type                                 ;
+----------------+-------+--------------------------------------+
; i_size         ; 8     ; Signed Integer                       ;
; width          ; 8     ; Signed Integer                       ;
+----------------+-------+--------------------------------------+
Note: In order to hide this table in the UI and the text report file, please set the "Show Parameter Settings in Synthesis Report" option in "Analysis and Synthesis Settings -> More Settings" to "Off".


+-----------------------------------------------------+
; Post-Synthesis Netlist Statistics for Top Partition ;
+-----------------------+-----------------------------+
; Type                  ; Count                       ;
+-----------------------+-----------------------------+
; arriav_ff             ; 61                          ;
;     CLR SLD           ; 5                           ;
;     ENA               ; 48                          ;
;     SLD               ; 8                           ;
; arriav_lcell_comb     ; 160                         ;
;     arith             ; 13                          ;
;         2 data inputs ; 8                           ;
;         5 data inputs ; 5                           ;
;     normal            ; 147                         ;
;         0 data inputs ; 1                           ;
;         2 data inputs ; 3                           ;
;         4 data inputs ; 7                           ;
;         5 data inputs ; 72                          ;
;         6 data inputs ; 64                          ;
; arriav_mac            ; 1                           ;
; boundary_port         ; 19                          ;
;                       ;                             ;
; Max LUT depth         ; 6.70                        ;
; Average LUT depth     ; 5.06                        ;
+-----------------------+-----------------------------+


+-------------------------------+
; Elapsed Time Per Partition    ;
+----------------+--------------+
; Partition Name ; Elapsed Time ;
+----------------+--------------+
; Top            ; 00:00:01     ;
+----------------+--------------+


+-------------------------------+
; Analysis & Synthesis Messages ;
+-------------------------------+
Info: *******************************************************************
Info: Running Quartus Prime Analysis & Synthesis
    Info: Version 22.1std.2 Build 922 07/20/2023 SC Standard Edition
    Info: Processing started: Tue Apr 22 11:52:01 2025
Info: Command: quartus_map --read_settings_files=on --write_settings_files=off NISC -c NISC
Warning (18236): Number of processors has not been specified which may cause overloading on shared machines.  Set the global assignment NUM_PARALLEL_PROCESSORS in your QSF to an appropriate value for best performance.
Info (20030): Parallel compilation is enabled and will use 16 of the 16 processors detected
Info (12021): Found 1 design units, including 1 entities, in source file /users/hwxt1c20/downloads/gaussian/nisc_quartus/sample_wave.sv
    Info (12023): Found entity 1: sample_wave File: C:/Users/hwxt1c20/Downloads/gaussian/nisc_quartus/sample_wave.sv Line: 1
Info (12021): Found 1 design units, including 1 entities, in source file /users/hwxt1c20/downloads/gaussian/nisc_quartus/prog.sv
    Info (12023): Found entity 1: prog File: C:/Users/hwxt1c20/Downloads/gaussian/nisc_quartus/prog.sv Line: 7
Info (12021): Found 0 design units, including 0 entities, in source file /users/hwxt1c20/downloads/gaussian/nisc_quartus/alucodes.sv
Info (12021): Found 1 design units, including 1 entities, in source file /users/hwxt1c20/downloads/gaussian/nisc_quartus/alu.sv
    Info (12023): Found entity 1: alu File: C:/Users/hwxt1c20/Downloads/gaussian/nisc_quartus/alu.sv Line: 10
Info (12021): Found 1 design units, including 1 entities, in source file /users/hwxt1c20/downloads/gaussian/nisc_quartus/branch.sv
    Info (12023): Found entity 1: branch File: C:/Users/hwxt1c20/Downloads/gaussian/nisc_quartus/branch.sv Line: 1
Info (12021): Found 1 design units, including 1 entities, in source file /users/hwxt1c20/downloads/gaussian/nisc_quartus/control_unit.sv
    Info (12023): Found entity 1: control_unit File: C:/Users/hwxt1c20/Downloads/gaussian/nisc_quartus/control_unit.sv Line: 1
Info (12021): Found 1 design units, including 1 entities, in source file /users/hwxt1c20/downloads/gaussian/nisc_quartus/regs.sv
    Info (12023): Found entity 1: regs File: C:/Users/hwxt1c20/Downloads/gaussian/nisc_quartus/regs.sv Line: 9
Info (12021): Found 1 design units, including 1 entities, in source file /users/hwxt1c20/downloads/gaussian/nisc_quartus/nisc.sv
    Info (12023): Found entity 1: NISC File: C:/Users/hwxt1c20/Downloads/gaussian/nisc_quartus/NISC.sv Line: 10
Info (12021): Found 1 design units, including 1 entities, in source file /users/hwxt1c20/downloads/gaussian/nisc_quartus/pc.sv
    Info (12023): Found entity 1: pc File: C:/Users/hwxt1c20/Downloads/gaussian/nisc_quartus/pc.sv Line: 8
Warning (10236): Verilog HDL Implicit Net warning at NISC.sv(63): created implicit net for "Wdata_select" File: C:/Users/hwxt1c20/Downloads/gaussian/nisc_quartus/NISC.sv Line: 63
Warning (10222): Verilog HDL Parameter Declaration warning at NISC.sv(29): Parameter Declaration in module "NISC" behaves as a Local Parameter Declaration because the module has a Module Parameter Port List File: C:/Users/hwxt1c20/Downloads/gaussian/nisc_quartus/NISC.sv Line: 29
Warning (10222): Verilog HDL Parameter Declaration warning at NISC.sv(34): Parameter Declaration in module "NISC" behaves as a Local Parameter Declaration because the module has a Module Parameter Port List File: C:/Users/hwxt1c20/Downloads/gaussian/nisc_quartus/NISC.sv Line: 34
Info (12127): Elaborating entity "NISC" for the top level hierarchy
Warning (10230): Verilog HDL assignment warning at NISC.sv(86): truncated value with size 32 to match size of target (8) File: C:/Users/hwxt1c20/Downloads/gaussian/nisc_quartus/NISC.sv Line: 86
Info (12128): Elaborating entity "pc" for hierarchy "pc:progCounter" File: C:/Users/hwxt1c20/Downloads/gaussian/nisc_quartus/NISC.sv Line: 48
Info (12128): Elaborating entity "branch" for hierarchy "branch:b" File: C:/Users/hwxt1c20/Downloads/gaussian/nisc_quartus/NISC.sv Line: 50
Info (12128): Elaborating entity "prog" for hierarchy "prog:progMemory" File: C:/Users/hwxt1c20/Downloads/gaussian/nisc_quartus/NISC.sv Line: 53
Warning (10850): Verilog HDL warning at prog.sv(16): number of words (22) in memory file does not match the number of elements in the address range [0:31] File: C:/Users/hwxt1c20/Downloads/gaussian/nisc_quartus/prog.sv Line: 16
Warning (10230): Verilog HDL assignment warning at prog.sv(20): truncated value with size 21 to match size of target (20) File: C:/Users/hwxt1c20/Downloads/gaussian/nisc_quartus/prog.sv Line: 20
Warning (10030): Net "progMem.data_a" at prog.sv(12) has no driver or initial value, using a default initial value '0' File: C:/Users/hwxt1c20/Downloads/gaussian/nisc_quartus/prog.sv Line: 12
Warning (10030): Net "progMem.waddr_a" at prog.sv(12) has no driver or initial value, using a default initial value '0' File: C:/Users/hwxt1c20/Downloads/gaussian/nisc_quartus/prog.sv Line: 12
Warning (10030): Net "progMem.we_a" at prog.sv(12) has no driver or initial value, using a default initial value '0' File: C:/Users/hwxt1c20/Downloads/gaussian/nisc_quartus/prog.sv Line: 12
Info (12128): Elaborating entity "control_unit" for hierarchy "control_unit:c" File: C:/Users/hwxt1c20/Downloads/gaussian/nisc_quartus/NISC.sv Line: 64
Info (12128): Elaborating entity "regs" for hierarchy "regs:gpr" File: C:/Users/hwxt1c20/Downloads/gaussian/nisc_quartus/NISC.sv Line: 72
Warning (10027): Verilog HDL or VHDL warning at the regs.sv(37): index expression is not wide enough to address all of the elements in the array File: C:/Users/hwxt1c20/Downloads/gaussian/nisc_quartus/regs.sv Line: 37
Warning (10027): Verilog HDL or VHDL warning at the regs.sv(42): index expression is not wide enough to address all of the elements in the array File: C:/Users/hwxt1c20/Downloads/gaussian/nisc_quartus/regs.sv Line: 42
Info (12128): Elaborating entity "alu" for hierarchy "alu:iu" File: C:/Users/hwxt1c20/Downloads/gaussian/nisc_quartus/NISC.sv Line: 76
Info (12128): Elaborating entity "sample_wave" for hierarchy "sample_wave:wave" File: C:/Users/hwxt1c20/Downloads/gaussian/nisc_quartus/NISC.sv Line: 78
Warning (10030): Net "wave_mem.data_a" at sample_wave.sv(6) has no driver or initial value, using a default initial value '0' File: C:/Users/hwxt1c20/Downloads/gaussian/nisc_quartus/sample_wave.sv Line: 6
Warning (10030): Net "wave_mem.waddr_a" at sample_wave.sv(6) has no driver or initial value, using a default initial value '0' File: C:/Users/hwxt1c20/Downloads/gaussian/nisc_quartus/sample_wave.sv Line: 6
Warning (10030): Net "wave_mem.we_a" at sample_wave.sv(6) has no driver or initial value, using a default initial value '0' File: C:/Users/hwxt1c20/Downloads/gaussian/nisc_quartus/sample_wave.sv Line: 6
Info (276014): Found 2 instances of uninferred RAM logic
    Info (276007): RAM logic "sample_wave:wave|wave_mem" is uninferred due to asynchronous read logic File: C:/Users/hwxt1c20/Downloads/gaussian/nisc_quartus/sample_wave.sv Line: 6
    Info (276004): RAM logic "prog:progMemory|progMem" is uninferred due to inappropriate RAM size File: C:/Users/hwxt1c20/Downloads/gaussian/nisc_quartus/prog.sv Line: 12
Warning (127007): Memory Initialization File or Hexadecimal (Intel-Format) File "C:/Users/hwxt1c20/Downloads/gaussian/nisc_quartus_no_counter/db/NISC.ram0_prog_a7f8678b.hdl.mif" contains "don't care" values -- overwriting them with 0s
Info (286030): Timing-Driven Synthesis is running
Info (16010): Generating hard_block partition "hard_block:auto_generated_inst"
    Info (16011): Adding 0 node(s), including 0 DDIO, 0 PLL, 0 transceiver and 0 LCELL
Info (21057): Implemented 236 device resources after synthesis - the final resource count might be different
    Info (21058): Implemented 11 input pins
    Info (21059): Implemented 8 output pins
    Info (21061): Implemented 216 logic cells
    Info (21062): Implemented 1 DSP elements
Info: Quartus Prime Analysis & Synthesis was successful. 0 errors, 16 warnings
    Info: Peak virtual memory: 4900 megabytes
    Info: Processing ended: Tue Apr 22 11:52:08 2025
    Info: Elapsed time: 00:00:07
    Info: Total CPU time (on all processors): 00:00:12


