------------------------------------------------------------
Timing Analyzer Summary
------------------------------------------------------------

Type  : Slow 1100mV 85C Model Setup 'clk'
Slack : -6.955
TNS   : -422.484

Type  : Slow 1100mV 85C Model Hold 'clk'
Slack : 0.433
TNS   : 0.000

Type  : Slow 1100mV 85C Model Minimum Pulse Width 'clk'
Slack : -0.394
TNS   : -39.889

Type  : Slow 1100mV 0C Model Setup 'clk'
Slack : -6.939
TNS   : -423.683

Type  : Slow 1100mV 0C Model Hold 'clk'
Slack : 0.445
TNS   : 0.000

Type  : Slow 1100mV 0C Model Minimum Pulse Width 'clk'
Slack : -0.394
TNS   : -42.518

Type  : Fast 1100mV 85C Model Setup 'clk'
Slack : -3.572
TNS   : -210.269

Type  : Fast 1100mV 85C Model Hold 'clk'
Slack : 0.199
TNS   : 0.000

Type  : Fast 1100mV 85C Model Minimum Pulse Width 'clk'
Slack : -0.084
TNS   : -6.015

Type  : Fast 1100mV 0C Model Setup 'clk'
Slack : -3.245
TNS   : -191.867

Type  : Fast 1100mV 0C Model Hold 'clk'
Slack : 0.191
TNS   : 0.000

Type  : Fast 1100mV 0C Model Minimum Pulse Width 'clk'
Slack : -0.081
TNS   : -5.900

------------------------------------------------------------
